 
****************************************
Report : area
Design : msrv32_top
Version: T-2022.03-SP4
Date   : Thu Nov 20 19:52:40 2025
****************************************

Library(s) Used:

    saed32lvt_ss0p75v125c (File: /home1/PD09/RanjithKC/VLSI_PD/Project/router_pnr_flow/ref/DBs/saed32lvt_ss0p75v125c.db)
    saed32lvt_ss0p95v125c (File: /home1/PD09/RanjithKC/VLSI_PD/Project/router_pnr_flow/ref/DBs/saed32lvt_ss0p95v125c.db)
    saed32lvt_dlvl_ss0p75v125c_i0p95v (File: /home1/PD09/RanjithKC/VLSI_PD/Project/router_pnr_flow/ref/DBs/saed32lvt_dlvl_ss0p75v125c_i0p95v.db)

Number of ports:                         4184
Number of nets:                         18563
Number of cells:                        14128
Number of combinational cells:          12384
Number of sequential cells:              1705
Number of macros/black boxes:               0
Number of buf/inv:                       2863
Number of references:                      25

Combinational area:              29421.234549
Buf/Inv area:                     5279.333352
Noncombinational area:           12051.000371
Macro/Black Box area:                0.000000
Net Interconnect area:      undefined  (Wire load has zero net area)

Total cell area:                 41472.234920
Total area:                 undefined
1
