 
****************************************
Report : timing
        -path full
        -delay max
        -max_paths 1
Design : msrv32_pc
Version: T-2022.03-SP4
Date   : Thu Oct  9 14:09:20 2025
****************************************

 * Some/all delay information is back-annotated.
Wire Load Model Mode: Inactive.

  Startpoint: pc_in[5] (input port)
  Endpoint: pc_mux_out[31]
            (output port)
  Path Group: (none)
  Path Type: max

  Point                                    Incr       Path      Voltage
  ---------------------------------------------------------------------
  input external delay                     0.00       0.00 r    
  pc_in[5] (in)                            0.00       0.00 r    
  U137/Y (NAND4X0_LVT)                     0.05 *     0.05 f    0.95
  U142/Y (INVX1_LVT)                       0.04 *     0.09 r    0.95
  U143/Y (NAND2X0_LVT)                     0.03 *     0.12 f    0.95
  U148/Y (INVX1_LVT)                       0.03 *     0.15 r    0.95
  U149/Y (NAND2X0_LVT)                     0.04 *     0.19 f    0.95
  U154/Y (INVX1_LVT)                       0.03 *     0.22 r    0.95
  U155/Y (NAND2X0_LVT)                     0.04 *     0.26 f    0.95
  U164/Y (INVX1_LVT)                       0.03 *     0.29 r    0.95
  U165/Y (NAND2X0_LVT)                     0.04 *     0.33 f    0.95
  U166/Y (INVX1_LVT)                       0.03 *     0.35 r    0.95
  U167/Y (NAND2X0_LVT)                     0.03 *     0.39 f    0.95
  U172/Y (INVX1_LVT)                       0.03 *     0.41 r    0.95
  U173/Y (NAND2X0_LVT)                     0.04 *     0.45 f    0.95
  U178/Y (INVX1_LVT)                       0.03 *     0.48 r    0.95
  U179/Y (NAND2X0_LVT)                     0.03 *     0.52 f    0.95
  U184/Y (INVX1_LVT)                       0.03 *     0.54 r    0.95
  U185/Y (NAND2X0_LVT)                     0.04 *     0.59 f    0.95
  U190/Y (INVX1_LVT)                       0.03 *     0.62 r    0.95
  U191/Y (NAND2X0_LVT)                     0.03 *     0.65 f    0.95
  U196/Y (INVX1_LVT)                       0.03 *     0.68 r    0.95
  U197/Y (NAND2X0_LVT)                     0.04 *     0.72 f    0.95
  U202/Y (INVX1_LVT)                       0.03 *     0.74 r    0.95
  U203/Y (NAND2X0_LVT)                     0.03 *     0.78 f    0.95
  U209/Y (INVX1_LVT)                       0.03 *     0.81 r    0.95
  U210/Y (NAND2X0_LVT)                     0.03 *     0.84 f    0.95
  U218/Y (INVX1_LVT)                       0.03 *     0.87 r    0.95
  U219/Y (NAND2X0_LVT)                     0.03 *     0.90 f    0.95
  U224/Y (INVX1_LVT)                       0.03 *     0.93 r    0.95
  U225/Y (NAND2X0_LVT)                     0.04 *     0.96 f    0.95
  U230/Y (INVX1_LVT)                       0.03 *     0.99 r    0.95
  U231/Y (NAND2X0_LVT)                     0.04 *     1.03 f    0.95
  U236/Y (INVX1_LVT)                       0.03 *     1.06 r    0.95
  U237/Y (NAND2X0_LVT)                     0.03 *     1.09 f    0.95
  U242/Y (INVX1_LVT)                       0.03 *     1.12 r    0.95
  U243/Y (NAND2X0_LVT)                     0.03 *     1.15 f    0.95
  U248/Y (INVX1_LVT)                       0.03 *     1.18 r    0.95
  U249/Y (NAND2X0_LVT)                     0.04 *     1.22 f    0.95
  U254/Y (INVX1_LVT)                       0.03 *     1.25 r    0.95
  U255/Y (NAND2X0_LVT)                     0.03 *     1.28 f    0.95
  U264/Y (INVX1_LVT)                       0.03 *     1.31 r    0.95
  U265/Y (NAND2X0_LVT)                     0.03 *     1.34 f    0.95
  U266/Y (INVX1_LVT)                       0.03 *     1.37 r    0.95
  U267/Y (NAND2X0_LVT)                     0.03 *     1.40 f    0.95
  U272/Y (INVX1_LVT)                       0.03 *     1.43 r    0.95
  U273/Y (NAND2X0_LVT)                     0.03 *     1.46 f    0.95
  U278/Y (INVX1_LVT)                       0.03 *     1.49 r    0.95
  U279/Y (NAND2X0_LVT)                     0.03 *     1.52 f    0.95
  U284/Y (INVX1_LVT)                       0.03 *     1.55 r    0.95
  U285/Y (NAND2X0_LVT)                     0.03 *     1.59 f    0.95
  U290/Y (INVX1_LVT)                       0.03 *     1.61 r    0.95
  U291/Y (NAND2X0_LVT)                     0.03 *     1.65 f    0.95
  U296/Y (INVX1_LVT)                       0.03 *     1.67 r    0.95
  U297/SO (HADDX1_LVT)                     0.07 *     1.74 f    0.95
  U298/Y (AO22X1_LVT)                      0.04 *     1.78 f    0.95
  U300/Y (OR2X1_LVT)                       0.04 *     1.83 f    0.95
  pc_mux_out[31] (out)                     0.00 *     1.83 f    
  data arrival time                                   1.83      
  ---------------------------------------------------------------------
  (Path is unconstrained)


1
