 
****************************************
Report : hierarchy
Design : msrv32_top
Version: T-2022.03-SP4
Date   : Mon Sep 22 22:23:47 2025
****************************************

Attributes:
    r - licensed design

msrv32_top
    NBUFFX2_LVT                                                  saed32lvt_ss0p95v125c
    NBUFFX4_LVT                                                  saed32lvt_ss0p95v125c
    NBUFFX8_LVT                                                  saed32lvt_ss0p95v125c
    msrv32_alu                                                             r
        AND2X1_LVT                                               saed32lvt_ss0p95v125c
        AND2X2_LVT                                               saed32lvt_ss0p95v125c
        AND2X4_LVT                                               saed32lvt_ss0p95v125c
        AND3X1_LVT                                               saed32lvt_ss0p95v125c
        AND4X1_LVT                                               saed32lvt_ss0p95v125c
        AO21X1_LVT                                               saed32lvt_ss0p95v125c
        AO22X1_LVT                                               saed32lvt_ss0p95v125c
        AO222X1_LVT                                              saed32lvt_ss0p95v125c
        AOI21X1_LVT                                              saed32lvt_ss0p95v125c
        AOI21X2_LVT                                              saed32lvt_ss0p95v125c
        AOI22X1_LVT                                              saed32lvt_ss0p95v125c
        INVX1_LVT                                                saed32lvt_ss0p95v125c
        INVX2_LVT                                                saed32lvt_ss0p95v125c
        INVX4_LVT                                                saed32lvt_ss0p95v125c
        MUX21X1_LVT                                              saed32lvt_ss0p95v125c
        MUX41X1_LVT                                              saed32lvt_ss0p95v125c
        NAND2X0_LVT                                              saed32lvt_ss0p95v125c
        NAND3X0_LVT                                              saed32lvt_ss0p95v125c
        NAND4X0_LVT                                              saed32lvt_ss0p95v125c
        NBUFFX4_LVT                                              saed32lvt_ss0p95v125c
        NOR2X0_LVT                                               saed32lvt_ss0p95v125c
        NOR3X0_LVT                                               saed32lvt_ss0p95v125c
        NOR4X1_LVT                                               saed32lvt_ss0p95v125c
        OA21X1_LVT                                               saed32lvt_ss0p95v125c
        OA21X2_LVT                                               saed32lvt_ss0p95v125c
        OA22X1_LVT                                               saed32lvt_ss0p95v125c
        OAI21X1_LVT                                              saed32lvt_ss0p95v125c
        OAI22X1_LVT                                              saed32lvt_ss0p95v125c
        OR2X1_LVT                                                saed32lvt_ss0p95v125c
        OR2X2_LVT                                                saed32lvt_ss0p95v125c
        OR2X4_LVT                                                saed32lvt_ss0p95v125c
        OR3X1_LVT                                                saed32lvt_ss0p95v125c
        OR3X2_LVT                                                saed32lvt_ss0p95v125c
        OR4X1_LVT                                                saed32lvt_ss0p95v125c
        XNOR2X1_LVT                                              saed32lvt_ss0p95v125c
        XOR2X1_LVT                                               saed32lvt_ss0p95v125c
    msrv32_bu                                                              r
        AND2X1_LVT                                               saed32lvt_ss0p95v125c
        AND3X1_LVT                                               saed32lvt_ss0p95v125c
        AO21X1_LVT                                               saed32lvt_ss0p95v125c
        AO22X1_LVT                                               saed32lvt_ss0p95v125c
        AOI21X1_LVT                                              saed32lvt_ss0p95v125c
        INVX1_LVT                                                saed32lvt_ss0p95v125c
        LATCHX1_LVT                                              saed32lvt_ss0p95v125c
        MUX21X1_LVT                                              saed32lvt_ss0p95v125c
        NAND2X0_LVT                                              saed32lvt_ss0p95v125c
        NOR2X0_LVT                                               saed32lvt_ss0p95v125c
        NOR3X0_LVT                                               saed32lvt_ss0p95v125c
        NOR4X1_LVT                                               saed32lvt_ss0p95v125c
        OA21X1_LVT                                               saed32lvt_ss0p95v125c
        OA22X1_LVT                                               saed32lvt_ss0p95v125c
        OR2X1_LVT                                                saed32lvt_ss0p95v125c
        OR3X1_LVT                                                saed32lvt_ss0p95v125c
        OR4X1_LVT                                                saed32lvt_ss0p95v125c
        XNOR2X1_LVT                                              saed32lvt_ss0p95v125c
        XOR2X1_LVT                                               saed32lvt_ss0p95v125c
    msrv32_csr_file
        NBUFFX2_LVT                                              saed32lvt_ss0p95v125c
        NBUFFX4_LVT                                              saed32lvt_ss0p95v125c
        csr_data_mux_unit
            AND2X1_LVT                                           saed32lvt_ss0p95v125c
            AO21X1_LVT                                           saed32lvt_ss0p95v125c
            AO22X1_LVT                                           saed32lvt_ss0p95v125c
            AOI22X1_LVT                                          saed32lvt_ss0p95v125c
            INVX1_LVT                                            saed32lvt_ss0p95v125c
            INVX2_LVT                                            saed32lvt_ss0p95v125c
            NAND2X0_LVT                                          saed32lvt_ss0p95v125c
            NAND3X0_LVT                                          saed32lvt_ss0p95v125c
            NOR2X0_LVT                                           saed32lvt_ss0p95v125c
            NOR2X2_LVT                                           saed32lvt_ss0p95v125c
            NOR2X4_LVT                                           saed32lvt_ss0p95v125c
            NOR3X0_LVT                                           saed32lvt_ss0p95v125c
            NOR4X1_LVT                                           saed32lvt_ss0p95v125c
            OA22X1_LVT                                           saed32lvt_ss0p95v125c
            OAI22X1_LVT                                          saed32lvt_ss0p95v125c
            OR2X1_LVT                                            saed32lvt_ss0p95v125c
            OR2X2_LVT                                            saed32lvt_ss0p95v125c
            OR2X4_LVT                                            saed32lvt_ss0p95v125c
            OR3X1_LVT                                            saed32lvt_ss0p95v125c
            OR4X1_LVT                                            saed32lvt_ss0p95v125c
        data_wr_mux_unit
            AO22X1_LVT                                           saed32lvt_ss0p95v125c
            AO22X2_LVT                                           saed32lvt_ss0p95v125c
            INVX1_LVT                                            saed32lvt_ss0p95v125c
            INVX4_LVT                                            saed32lvt_ss0p95v125c
            NBUFFX2_LVT                                          saed32lvt_ss0p95v125c
            OAI21X1_LVT                                          saed32lvt_ss0p95v125c
        machine_counter                                                    r
            AND2X1_LVT                                           saed32lvt_ss0p95v125c
            AND3X1_LVT                                           saed32lvt_ss0p95v125c
            AND4X1_LVT                                           saed32lvt_ss0p95v125c
            AO21X1_LVT                                           saed32lvt_ss0p95v125c
            AO22X1_LVT                                           saed32lvt_ss0p95v125c
            AO221X1_LVT                                          saed32lvt_ss0p95v125c
            AO222X1_LVT                                          saed32lvt_ss0p95v125c
            AOI21X1_LVT                                          saed32lvt_ss0p95v125c
            AOI22X1_LVT                                          saed32lvt_ss0p95v125c
            DFFX1_LVT                                            saed32lvt_ss0p95v125c
            DFFX2_LVT                                            saed32lvt_ss0p95v125c
            HADDX1_LVT                                           saed32lvt_ss0p95v125c
            INVX1_LVT                                            saed32lvt_ss0p95v125c
            INVX2_LVT                                            saed32lvt_ss0p95v125c
            INVX4_LVT                                            saed32lvt_ss0p95v125c
            MUX21X1_LVT                                          saed32lvt_ss0p95v125c
            NAND2X0_LVT                                          saed32lvt_ss0p95v125c
            NAND3X0_LVT                                          saed32lvt_ss0p95v125c
            NAND3X2_LVT                                          saed32lvt_ss0p95v125c
            NAND4X0_LVT                                          saed32lvt_ss0p95v125c
            NBUFFX2_LVT                                          saed32lvt_ss0p95v125c
            NBUFFX4_LVT                                          saed32lvt_ss0p95v125c
            NOR2X0_LVT                                           saed32lvt_ss0p95v125c
            NOR2X2_LVT                                           saed32lvt_ss0p95v125c
            NOR3X0_LVT                                           saed32lvt_ss0p95v125c
            NOR4X1_LVT                                           saed32lvt_ss0p95v125c
            OA21X1_LVT                                           saed32lvt_ss0p95v125c
            OA22X1_LVT                                           saed32lvt_ss0p95v125c
            OA221X1_LVT                                          saed32lvt_ss0p95v125c
            OA222X1_LVT                                          saed32lvt_ss0p95v125c
            OAI21X1_LVT                                          saed32lvt_ss0p95v125c
            OAI22X1_LVT                                          saed32lvt_ss0p95v125c
            OR2X1_LVT                                            saed32lvt_ss0p95v125c
            OR2X2_LVT                                            saed32lvt_ss0p95v125c
            OR2X4_LVT                                            saed32lvt_ss0p95v125c
            OR3X1_LVT                                            saed32lvt_ss0p95v125c
            OR3X2_LVT                                            saed32lvt_ss0p95v125c
            OR4X1_LVT                                            saed32lvt_ss0p95v125c
            SNPS_CLOCK_GATE_HIGH_machine_counter_0
                CGLPPRX2_LVT                                     saed32lvt_ss0p95v125c
            SNPS_CLOCK_GATE_HIGH_machine_counter_1
                CGLPPRX2_LVT                                     saed32lvt_ss0p95v125c
            XNOR2X1_LVT                                          saed32lvt_ss0p95v125c
        machine_counter_setup
            DFFX1_LVT                                            saed32lvt_ss0p95v125c
            DFFX2_LVT                                            saed32lvt_ss0p95v125c
            INVX1_LVT                                            saed32lvt_ss0p95v125c
            NAND2X0_LVT                                          saed32lvt_ss0p95v125c
            NAND4X0_LVT                                          saed32lvt_ss0p95v125c
            NOR2X0_LVT                                           saed32lvt_ss0p95v125c
            NOR3X0_LVT                                           saed32lvt_ss0p95v125c
            NOR4X1_LVT                                           saed32lvt_ss0p95v125c
            OA221X1_LVT                                          saed32lvt_ss0p95v125c
            OR2X1_LVT                                            saed32lvt_ss0p95v125c
        mcause_reg
            AND2X1_LVT                                           saed32lvt_ss0p95v125c
            AO22X1_LVT                                           saed32lvt_ss0p95v125c
            DFFX1_LVT                                            saed32lvt_ss0p95v125c
            INVX1_LVT                                            saed32lvt_ss0p95v125c
            NAND2X0_LVT                                          saed32lvt_ss0p95v125c
            NAND3X0_LVT                                          saed32lvt_ss0p95v125c
            NAND4X0_LVT                                          saed32lvt_ss0p95v125c
            NBUFFX4_LVT                                          saed32lvt_ss0p95v125c
            NOR2X0_LVT                                           saed32lvt_ss0p95v125c
            NOR4X1_LVT                                           saed32lvt_ss0p95v125c
            OR2X1_LVT                                            saed32lvt_ss0p95v125c
            OR3X1_LVT                                            saed32lvt_ss0p95v125c
            SNPS_CLOCK_GATE_HIGH_mcause_reg_0
                CGLPPRX2_LVT                                     saed32lvt_ss0p95v125c
        mepc_and_mscratch_reg
            AND2X1_LVT                                           saed32lvt_ss0p95v125c
            AND2X4_LVT                                           saed32lvt_ss0p95v125c
            AO22X1_LVT                                           saed32lvt_ss0p95v125c
            DFFX1_LVT                                            saed32lvt_ss0p95v125c
            INVX1_LVT                                            saed32lvt_ss0p95v125c
            INVX4_LVT                                            saed32lvt_ss0p95v125c
            NAND2X0_LVT                                          saed32lvt_ss0p95v125c
            NAND3X0_LVT                                          saed32lvt_ss0p95v125c
            NAND4X0_LVT                                          saed32lvt_ss0p95v125c
            NOR3X0_LVT                                           saed32lvt_ss0p95v125c
            NOR4X1_LVT                                           saed32lvt_ss0p95v125c
            OR4X1_LVT                                            saed32lvt_ss0p95v125c
            SNPS_CLOCK_GATE_HIGH_mepc_and_mscratch_reg_0
                CGLPPRX2_LVT                                     saed32lvt_ss0p95v125c
            SNPS_CLOCK_GATE_HIGH_mepc_and_mscratch_reg_1
                CGLPPRX2_LVT                                     saed32lvt_ss0p95v125c
        mie_reg
            AND2X1_LVT                                           saed32lvt_ss0p95v125c
            DFFX1_LVT                                            saed32lvt_ss0p95v125c
            NAND2X0_LVT                                          saed32lvt_ss0p95v125c
            NAND4X0_LVT                                          saed32lvt_ss0p95v125c
            NOR4X1_LVT                                           saed32lvt_ss0p95v125c
            OR2X1_LVT                                            saed32lvt_ss0p95v125c
            SNPS_CLOCK_GATE_HIGH_mie_reg_0
                CGLPPRX2_LVT                                     saed32lvt_ss0p95v125c
        misa_and_pre_data
            AND2X1_LVT                                           saed32lvt_ss0p95v125c
            AO22X1_LVT                                           saed32lvt_ss0p95v125c
            INVX4_LVT                                            saed32lvt_ss0p95v125c
        mstatus_reg
            AO222X1_LVT                                          saed32lvt_ss0p95v125c
            DFFX1_LVT                                            saed32lvt_ss0p95v125c
            INVX1_LVT                                            saed32lvt_ss0p95v125c
            MUX21X1_LVT                                          saed32lvt_ss0p95v125c
            NAND2X0_LVT                                          saed32lvt_ss0p95v125c
            NAND4X0_LVT                                          saed32lvt_ss0p95v125c
            NOR3X0_LVT                                           saed32lvt_ss0p95v125c
            NOR4X1_LVT                                           saed32lvt_ss0p95v125c
            OA221X1_LVT                                          saed32lvt_ss0p95v125c
            OR2X1_LVT                                            saed32lvt_ss0p95v125c
        mtval_reg
            AO21X1_LVT                                           saed32lvt_ss0p95v125c
            AO22X1_LVT                                           saed32lvt_ss0p95v125c
            DFFX1_LVT                                            saed32lvt_ss0p95v125c
            INVX1_LVT                                            saed32lvt_ss0p95v125c
            NAND2X0_LVT                                          saed32lvt_ss0p95v125c
            NAND4X0_LVT                                          saed32lvt_ss0p95v125c
            NBUFFX4_LVT                                          saed32lvt_ss0p95v125c
            NOR2X0_LVT                                           saed32lvt_ss0p95v125c
            NOR3X0_LVT                                           saed32lvt_ss0p95v125c
            NOR3X4_LVT                                           saed32lvt_ss0p95v125c
            NOR4X1_LVT                                           saed32lvt_ss0p95v125c
            OR3X1_LVT                                            saed32lvt_ss0p95v125c
            SNPS_CLOCK_GATE_HIGH_mtval_reg_0
                CGLPPRX2_LVT                                     saed32lvt_ss0p95v125c
        mtvec_reg                                                          r
            AND2X1_LVT                                           saed32lvt_ss0p95v125c
            DFFX1_LVT                                            saed32lvt_ss0p95v125c
            FADDX1_LVT                                           saed32lvt_ss0p95v125c
            HADDX1_LVT                                           saed32lvt_ss0p95v125c
            INVX1_LVT                                            saed32lvt_ss0p95v125c
            NAND2X0_LVT                                          saed32lvt_ss0p95v125c
            NAND3X0_LVT                                          saed32lvt_ss0p95v125c
            NAND4X0_LVT                                          saed32lvt_ss0p95v125c
            NBUFFX4_LVT                                          saed32lvt_ss0p95v125c
            NOR3X4_LVT                                           saed32lvt_ss0p95v125c
            NOR4X1_LVT                                           saed32lvt_ss0p95v125c
            OA21X1_LVT                                           saed32lvt_ss0p95v125c
            OA221X1_LVT                                          saed32lvt_ss0p95v125c
            OR2X1_LVT                                            saed32lvt_ss0p95v125c
            SNPS_CLOCK_GATE_HIGH_mtvec_reg_0
                CGLPPRX2_LVT                                     saed32lvt_ss0p95v125c
    msrv32_dec
        AND2X1_LVT                                               saed32lvt_ss0p95v125c
        AO21X1_LVT                                               saed32lvt_ss0p95v125c
        INVX1_LVT                                                saed32lvt_ss0p95v125c
        NOR2X0_LVT                                               saed32lvt_ss0p95v125c
        NOR3X0_LVT                                               saed32lvt_ss0p95v125c
        NOR4X1_LVT                                               saed32lvt_ss0p95v125c
        OA21X1_LVT                                               saed32lvt_ss0p95v125c
        OA222X1_LVT                                              saed32lvt_ss0p95v125c
        OR2X1_LVT                                                saed32lvt_ss0p95v125c
        OR3X1_LVT                                                saed32lvt_ss0p95v125c
    msrv32_img
        AND2X1_LVT                                               saed32lvt_ss0p95v125c
        AO21X1_LVT                                               saed32lvt_ss0p95v125c
        INVX1_LVT                                                saed32lvt_ss0p95v125c
        NOR2X0_LVT                                               saed32lvt_ss0p95v125c
        NOR2X2_LVT                                               saed32lvt_ss0p95v125c
        NOR3X0_LVT                                               saed32lvt_ss0p95v125c
        OA21X1_LVT                                               saed32lvt_ss0p95v125c
        OAI22X1_LVT                                              saed32lvt_ss0p95v125c
        OR2X1_LVT                                                saed32lvt_ss0p95v125c
    msrv32_immediate_adder                                                 r
        AND2X1_LVT                                               saed32lvt_ss0p95v125c
        AO21X1_LVT                                               saed32lvt_ss0p95v125c
        AO22X1_LVT                                               saed32lvt_ss0p95v125c
        AOI21X1_LVT                                              saed32lvt_ss0p95v125c
        INVX1_LVT                                                saed32lvt_ss0p95v125c
        INVX2_LVT                                                saed32lvt_ss0p95v125c
        INVX4_LVT                                                saed32lvt_ss0p95v125c
        MUX21X1_LVT                                              saed32lvt_ss0p95v125c
        NAND2X0_LVT                                              saed32lvt_ss0p95v125c
        NBUFFX4_LVT                                              saed32lvt_ss0p95v125c
        NOR2X0_LVT                                               saed32lvt_ss0p95v125c
        NOR2X2_LVT                                               saed32lvt_ss0p95v125c
        OA21X1_LVT                                               saed32lvt_ss0p95v125c
        OA21X2_LVT                                               saed32lvt_ss0p95v125c
        OAI21X1_LVT                                              saed32lvt_ss0p95v125c
        OAI21X2_LVT                                              saed32lvt_ss0p95v125c
        OR2X1_LVT                                                saed32lvt_ss0p95v125c
        OR3X1_LVT                                                saed32lvt_ss0p95v125c
        XNOR2X1_LVT                                              saed32lvt_ss0p95v125c
        XOR2X1_LVT                                               saed32lvt_ss0p95v125c
        XOR3X2_LVT                                               saed32lvt_ss0p95v125c
    msrv32_instruction_decoder
        AND2X1_LVT                                               saed32lvt_ss0p95v125c
        AND2X2_LVT                                               saed32lvt_ss0p95v125c
        AND2X4_LVT                                               saed32lvt_ss0p95v125c
        INVX4_LVT                                                saed32lvt_ss0p95v125c
        OR2X1_LVT                                                saed32lvt_ss0p95v125c
    msrv32_integer_file                                                    r
        AND2X1_LVT                                               saed32lvt_ss0p95v125c
        AND3X1_LVT                                               saed32lvt_ss0p95v125c
        AND4X1_LVT                                               saed32lvt_ss0p95v125c
        AO21X1_LVT                                               saed32lvt_ss0p95v125c
        AO22X1_LVT                                               saed32lvt_ss0p95v125c
        AO22X2_LVT                                               saed32lvt_ss0p95v125c
        AO222X1_LVT                                              saed32lvt_ss0p95v125c
        AOI22X1_LVT                                              saed32lvt_ss0p95v125c
        DFFARX1_LVT                                              saed32lvt_ss0p95v125c
        INVX1_LVT                                                saed32lvt_ss0p95v125c
        INVX2_LVT                                                saed32lvt_ss0p95v125c
        INVX4_LVT                                                saed32lvt_ss0p95v125c
        INVX8_LVT                                                saed32lvt_ss0p95v125c
        MUX21X1_LVT                                              saed32lvt_ss0p95v125c
        NAND2X0_LVT                                              saed32lvt_ss0p95v125c
        NAND2X4_LVT                                              saed32lvt_ss0p95v125c
        NAND3X0_LVT                                              saed32lvt_ss0p95v125c
        NAND4X0_LVT                                              saed32lvt_ss0p95v125c
        NBUFFX2_LVT                                              saed32lvt_ss0p95v125c
        NBUFFX4_LVT                                              saed32lvt_ss0p95v125c
        NBUFFX8_LVT                                              saed32lvt_ss0p95v125c
        NBUFFX32_LVT                                             saed32lvt_ss0p95v125c
        NOR2X0_LVT                                               saed32lvt_ss0p95v125c
        NOR2X4_LVT                                               saed32lvt_ss0p95v125c
        NOR3X0_LVT                                               saed32lvt_ss0p95v125c
        NOR4X1_LVT                                               saed32lvt_ss0p95v125c
        OA22X1_LVT                                               saed32lvt_ss0p95v125c
        OAI21X1_LVT                                              saed32lvt_ss0p95v125c
        OAI22X1_LVT                                              saed32lvt_ss0p95v125c
        OR2X1_LVT                                                saed32lvt_ss0p95v125c
        OR2X2_LVT                                                saed32lvt_ss0p95v125c
        OR2X4_LVT                                                saed32lvt_ss0p95v125c
        OR3X1_LVT                                                saed32lvt_ss0p95v125c
        OR3X2_LVT                                                saed32lvt_ss0p95v125c
        OR4X1_LVT                                                saed32lvt_ss0p95v125c
        SNPS_CLOCK_GATE_HIGH_msrv32_integer_file_0
            CGLPPRX2_LVT                                         saed32lvt_ss0p95v125c
        SNPS_CLOCK_GATE_HIGH_msrv32_integer_file_1
            CGLPPRX2_LVT                                         saed32lvt_ss0p95v125c
        SNPS_CLOCK_GATE_HIGH_msrv32_integer_file_2
            CGLPPRX2_LVT                                         saed32lvt_ss0p95v125c
        SNPS_CLOCK_GATE_HIGH_msrv32_integer_file_3
            CGLPPRX2_LVT                                         saed32lvt_ss0p95v125c
        SNPS_CLOCK_GATE_HIGH_msrv32_integer_file_4
            CGLPPRX2_LVT                                         saed32lvt_ss0p95v125c
        SNPS_CLOCK_GATE_HIGH_msrv32_integer_file_5
            CGLPPRX2_LVT                                         saed32lvt_ss0p95v125c
        SNPS_CLOCK_GATE_HIGH_msrv32_integer_file_6
            CGLPPRX2_LVT                                         saed32lvt_ss0p95v125c
        SNPS_CLOCK_GATE_HIGH_msrv32_integer_file_7
            CGLPPRX2_LVT                                         saed32lvt_ss0p95v125c
        SNPS_CLOCK_GATE_HIGH_msrv32_integer_file_8
            CGLPPRX2_LVT                                         saed32lvt_ss0p95v125c
        SNPS_CLOCK_GATE_HIGH_msrv32_integer_file_9
            CGLPPRX2_LVT                                         saed32lvt_ss0p95v125c
        SNPS_CLOCK_GATE_HIGH_msrv32_integer_file_10
            CGLPPRX2_LVT                                         saed32lvt_ss0p95v125c
        SNPS_CLOCK_GATE_HIGH_msrv32_integer_file_11
            CGLPPRX2_LVT                                         saed32lvt_ss0p95v125c
        SNPS_CLOCK_GATE_HIGH_msrv32_integer_file_12
            CGLPPRX2_LVT                                         saed32lvt_ss0p95v125c
        SNPS_CLOCK_GATE_HIGH_msrv32_integer_file_13
            CGLPPRX2_LVT                                         saed32lvt_ss0p95v125c
        SNPS_CLOCK_GATE_HIGH_msrv32_integer_file_14
            CGLPPRX2_LVT                                         saed32lvt_ss0p95v125c
        SNPS_CLOCK_GATE_HIGH_msrv32_integer_file_15
            CGLPPRX2_LVT                                         saed32lvt_ss0p95v125c
        SNPS_CLOCK_GATE_HIGH_msrv32_integer_file_16
            CGLPPRX2_LVT                                         saed32lvt_ss0p95v125c
        SNPS_CLOCK_GATE_HIGH_msrv32_integer_file_17
            CGLPPRX2_LVT                                         saed32lvt_ss0p95v125c
        SNPS_CLOCK_GATE_HIGH_msrv32_integer_file_18
            CGLPPRX2_LVT                                         saed32lvt_ss0p95v125c
        SNPS_CLOCK_GATE_HIGH_msrv32_integer_file_19
            CGLPPRX2_LVT                                         saed32lvt_ss0p95v125c
        SNPS_CLOCK_GATE_HIGH_msrv32_integer_file_20
            CGLPPRX2_LVT                                         saed32lvt_ss0p95v125c
        SNPS_CLOCK_GATE_HIGH_msrv32_integer_file_21
            CGLPPRX2_LVT                                         saed32lvt_ss0p95v125c
        SNPS_CLOCK_GATE_HIGH_msrv32_integer_file_22
            CGLPPRX2_LVT                                         saed32lvt_ss0p95v125c
        SNPS_CLOCK_GATE_HIGH_msrv32_integer_file_23
            CGLPPRX2_LVT                                         saed32lvt_ss0p95v125c
        SNPS_CLOCK_GATE_HIGH_msrv32_integer_file_24
            CGLPPRX2_LVT                                         saed32lvt_ss0p95v125c
        SNPS_CLOCK_GATE_HIGH_msrv32_integer_file_25
            CGLPPRX2_LVT                                         saed32lvt_ss0p95v125c
        SNPS_CLOCK_GATE_HIGH_msrv32_integer_file_26
            CGLPPRX2_LVT                                         saed32lvt_ss0p95v125c
        SNPS_CLOCK_GATE_HIGH_msrv32_integer_file_27
            CGLPPRX2_LVT                                         saed32lvt_ss0p95v125c
        SNPS_CLOCK_GATE_HIGH_msrv32_integer_file_28
            CGLPPRX2_LVT                                         saed32lvt_ss0p95v125c
        SNPS_CLOCK_GATE_HIGH_msrv32_integer_file_29
            CGLPPRX2_LVT                                         saed32lvt_ss0p95v125c
        SNPS_CLOCK_GATE_HIGH_msrv32_integer_file_30
            CGLPPRX2_LVT                                         saed32lvt_ss0p95v125c
        XOR2X1_LVT                                               saed32lvt_ss0p95v125c
    msrv32_lu
        AND2X1_LVT                                               saed32lvt_ss0p95v125c
        AND3X1_LVT                                               saed32lvt_ss0p95v125c
        AND4X1_LVT                                               saed32lvt_ss0p95v125c
        AO21X1_LVT                                               saed32lvt_ss0p95v125c
        AO21X2_LVT                                               saed32lvt_ss0p95v125c
        AO22X1_LVT                                               saed32lvt_ss0p95v125c
        AO222X1_LVT                                              saed32lvt_ss0p95v125c
        INVX1_LVT                                                saed32lvt_ss0p95v125c
        INVX4_LVT                                                saed32lvt_ss0p95v125c
        LATCHX1_LVT                                              saed32lvt_ss0p95v125c
        NAND2X0_LVT                                              saed32lvt_ss0p95v125c
        NAND3X0_LVT                                              saed32lvt_ss0p95v125c
        OA21X1_LVT                                               saed32lvt_ss0p95v125c
        OA221X1_LVT                                              saed32lvt_ss0p95v125c
        OR2X1_LVT                                                saed32lvt_ss0p95v125c
    msrv32_machine_control
        AND2X1_LVT                                               saed32lvt_ss0p95v125c
        AND3X1_LVT                                               saed32lvt_ss0p95v125c
        AND4X1_LVT                                               saed32lvt_ss0p95v125c
        AOI21X1_LVT                                              saed32lvt_ss0p95v125c
        DFFX1_LVT                                                saed32lvt_ss0p95v125c
        INVX1_LVT                                                saed32lvt_ss0p95v125c
        NAND3X0_LVT                                              saed32lvt_ss0p95v125c
        NOR2X0_LVT                                               saed32lvt_ss0p95v125c
        NOR3X0_LVT                                               saed32lvt_ss0p95v125c
        NOR4X1_LVT                                               saed32lvt_ss0p95v125c
        OA21X1_LVT                                               saed32lvt_ss0p95v125c
        OA22X1_LVT                                               saed32lvt_ss0p95v125c
        OAI21X1_LVT                                              saed32lvt_ss0p95v125c
        OR2X1_LVT                                                saed32lvt_ss0p95v125c
        OR3X1_LVT                                                saed32lvt_ss0p95v125c
        SNPS_CLOCK_GATE_HIGH_msrv32_machine_control_0
            CGLPPRX2_LVT                                         saed32lvt_ss0p95v125c
    msrv32_pc                                                              r
        AND2X1_LVT                                               saed32lvt_ss0p95v125c
        AND2X2_LVT                                               saed32lvt_ss0p95v125c
        AND2X4_LVT                                               saed32lvt_ss0p95v125c
        AO21X1_LVT                                               saed32lvt_ss0p95v125c
        AO22X1_LVT                                               saed32lvt_ss0p95v125c
        AOI21X1_LVT                                              saed32lvt_ss0p95v125c
        INVX1_LVT                                                saed32lvt_ss0p95v125c
        INVX2_LVT                                                saed32lvt_ss0p95v125c
        LATCHX1_LVT                                              saed32lvt_ss0p95v125c
        NOR2X0_LVT                                               saed32lvt_ss0p95v125c
        OA21X1_LVT                                               saed32lvt_ss0p95v125c
        OAI22X1_LVT                                              saed32lvt_ss0p95v125c
        OR2X1_LVT                                                saed32lvt_ss0p95v125c
        OR2X2_LVT                                                saed32lvt_ss0p95v125c
        OR2X4_LVT                                                saed32lvt_ss0p95v125c
        OR3X1_LVT                                                saed32lvt_ss0p95v125c
        XNOR2X1_LVT                                              saed32lvt_ss0p95v125c
        XOR2X1_LVT                                               saed32lvt_ss0p95v125c
    msrv32_reg_block_1
        AND2X1_LVT                                               saed32lvt_ss0p95v125c
        DFFX1_LVT                                                saed32lvt_ss0p95v125c
        INVX4_LVT                                                saed32lvt_ss0p95v125c
    msrv32_reg_block_2
        AND2X1_LVT                                               saed32lvt_ss0p95v125c
        DFFX1_LVT                                                saed32lvt_ss0p95v125c
        DFFX2_LVT                                                saed32lvt_ss0p95v125c
        INVX1_LVT                                                saed32lvt_ss0p95v125c
    msrv32_store_unit
        AND2X1_LVT                                               saed32lvt_ss0p95v125c
        AND3X1_LVT                                               saed32lvt_ss0p95v125c
        AND4X1_LVT                                               saed32lvt_ss0p95v125c
        AO21X1_LVT                                               saed32lvt_ss0p95v125c
        AO22X1_LVT                                               saed32lvt_ss0p95v125c
        AO222X1_LVT                                              saed32lvt_ss0p95v125c
        INVX1_LVT                                                saed32lvt_ss0p95v125c
        LATCHX1_LVT                                              saed32lvt_ss0p95v125c
        NAND2X0_LVT                                              saed32lvt_ss0p95v125c
        OA21X1_LVT                                               saed32lvt_ss0p95v125c
        OA221X1_LVT                                              saed32lvt_ss0p95v125c
        OR2X1_LVT                                                saed32lvt_ss0p95v125c
    msrv32_wb_mux_sel_unit
        AND2X1_LVT                                               saed32lvt_ss0p95v125c
        AO21X1_LVT                                               saed32lvt_ss0p95v125c
        AO21X2_LVT                                               saed32lvt_ss0p95v125c
        AO22X1_LVT                                               saed32lvt_ss0p95v125c
        AO22X2_LVT                                               saed32lvt_ss0p95v125c
        AOI22X2_LVT                                              saed32lvt_ss0p95v125c
        INVX1_LVT                                                saed32lvt_ss0p95v125c
        INVX2_LVT                                                saed32lvt_ss0p95v125c
        INVX4_LVT                                                saed32lvt_ss0p95v125c
        NBUFFX2_LVT                                              saed32lvt_ss0p95v125c
        NBUFFX4_LVT                                              saed32lvt_ss0p95v125c
        NOR2X0_LVT                                               saed32lvt_ss0p95v125c
        NOR2X4_LVT                                               saed32lvt_ss0p95v125c
        OAI22X1_LVT                                              saed32lvt_ss0p95v125c
        OR2X1_LVT                                                saed32lvt_ss0p95v125c
        OR2X2_LVT                                                saed32lvt_ss0p95v125c
        OR2X4_LVT                                                saed32lvt_ss0p95v125c
    msrv32_wr_en_generator
        AND2X1_LVT                                               saed32lvt_ss0p95v125c
        AND2X2_LVT                                               saed32lvt_ss0p95v125c
        INVX1_LVT                                                saed32lvt_ss0p95v125c
1
