 
****************************************
Report : area
Design : msrv32_store_unit
Version: T-2022.03-SP4
Date   : Thu Oct  9 16:58:06 2025
****************************************

Library(s) Used:

    saed32lvt_ss0p75v125c (File: /home1/PD09/RanjithKC/VLSI_PD/Project/router_pnr_flow/ref/DBs/saed32lvt_ss0p75v125c.db)

Number of ports:                          139
Number of nets:                           151
Number of cells:                           83
Number of combinational cells:             50
Number of sequential cells:                32
Number of macros/black boxes:               0
Number of buf/inv:                          4
Number of references:                      12

Combinational area:                120.210114
Buf/Inv area:                        5.082880
Noncombinational area:             162.652161
Macro/Black Box area:                0.000000
Net Interconnect area:      undefined  (Wire load has zero net area)

Total cell area:                   282.862275
Total area:                 undefined
1
